// Jest Snapshot v1, https://goo.gl/fbAQLP

exports[`SensorCard renders the component correctly 1`] = `
<Col
  className="my-3"
  md={
    Object {
      "span": 4,
    }
  }
>
  <Link
    to="/history/intakecoolant/day"
  >
    <div
      className="info-card blue-accent"
    >
      <h4
        className="text-muted font-weight-lighter"
      >
        Intake Coolant
      </h4>
      <Row
        key="0"
        noGutters={false}
      >
        <Col
          xs={
            Object {
              "span": 1,
            }
          }
        >
          <span
            className="jam jam-temperature"
          />
        </Col>
        <Col
          xs={
            Object {
              "span": 7,
            }
          }
        >
          Temperature
        </Col>
        <Col
          className="text-right"
          xs={
            Object {
              "span": 2,
            }
          }
        >
          14.9
        </Col>
        <Col
          className="pl-0"
          xs={
            Object {
              "span": 1,
            }
          }
        >
           Â°C
        </Col>
      </Row>
      <Row
        key="1"
        noGutters={false}
      >
        <Col
          xs={
            Object {
              "span": 1,
            }
          }
        >
          <span
            className="jam jam-cloud"
          />
        </Col>
        <Col
          xs={
            Object {
              "span": 7,
            }
          }
        >
          Humidity
        </Col>
        <Col
          className="text-right"
          xs={
            Object {
              "span": 2,
            }
          }
        >
          50.4
        </Col>
        <Col
          className="pl-0"
          xs={
            Object {
              "span": 1,
            }
          }
        >
          %
        </Col>
      </Row>
    </div>
  </Link>
</Col>
`;
